  [FOR]
    [INIT]
      [DECL](INT)
        [VAR](INT)(i)(address=0)(depth=1)
        [NUM] val=0
    [CONDITION]
      [LT]
        [VAR](INT)(i)(address=0)(depth=1)
        [NUM] val=10
    [UPDATE]
      [INC]
        [VAR](INT)(i)(address=0)(depth=1)
    [BODY]
      [BREAK]
  [FOR]
    [INIT]
      [DECL](INT)
        [VAR](INT)(i)(address=0)(depth=1)
        [NUM] val=0
    [CONDITION]
      [LT]
        [VAR](INT)(i)(address=0)(depth=1)
        [NUM] val=8
    [UPDATE]
      [INC]
        [VAR](INT)(i)(address=0)(depth=1)
    [BODY]
      [CONTINUE]
  [FOR]
    [INIT]
      [DECL](INT)
        [VAR](INT)(i)(address=0)(depth=1)
        [NUM] val=0
    [CONDITION]
      [LT]
        [VAR](INT)(i)(address=0)(depth=1)
        [NUM] val=5
    [UPDATE]
      [INC]
        [VAR](INT)(i)(address=0)(depth=1)
    [BODY]
      [FOR]
        [INIT]
          [DECL](INT)
            [VAR](INT)(j)(address=0)(depth=2)
            [NUM] val=0
        [CONDITION]
          [LT]
            [VAR](INT)(j)(address=0)(depth=2)
            [NUM] val=3
        [UPDATE]
          [INC]
            [VAR](INT)(j)(address=0)(depth=2)
        [BODY]
          [PRINT]
            [VAR](INT)(j)(address=0)(depth=2)
      [PRINT]
        [VAR](INT)(i)(address=0)(depth=1)
絶景かな！ Compiled study.goe to study.gb
