  [PRINT]
    [NUM] val=1
  [FUNCTION]
    [NAME]
      (add)
    [PARAMS]
      [DECL](INT)
        [VAR](INT)(a)(address=1)(depth=1)
      [DECL](INT)
        [VAR](INT)(b)(address=0)(depth=1)
    [BODY]
      [PRINT]
        [VAR](INT)(a)(address=1)(depth=1)
      [PRINT]
        [VAR](INT)(b)(address=0)(depth=1)
  [CALL](address=5)
    [NAME]
      (add)
    [PARAMS]
      [NUM] val=10
      [NUM] val=20
  [PRINT]
    [NUM] val=999
絶景かな！ Compiled study.goe to study.gb
