  [PRINT]
    [NUM] val=1
  [FUNCTION]
    [NAME]
      (add)
    [PARAMS]
      [DECL]
        [VAR](a)(address=1)(depth=1)
      [DECL]
        [VAR](b)(address=0)(depth=1)
    [BODY]
      [PRINT]
        [VAR](a)(address=1)(depth=1)
      [PRINT]
        [VAR](b)(address=0)(depth=1)
  [CALL]
    [NAME]
      (add)
    [PARAMS]
      [NUM] val=10
      [NUM] val=20
  [PRINT]
    [NUM] val=999
絶景かな！ Compiled study.goe to study.gb
