  [DECL]
    [VAR](c)(address=1)
    [NUM] val=0
  [DECL]
    [VAR](d)(address=2)
    [NUM] val=1
  [WHILE]
    [CONDITION]
      [LT]
        [VAR](c)(address=1)
        [NUM] val=5
    [BODY]
      [PRINT]
        [VAR](c)(address=1)
      [PRINT]
        [NUM] val=1
      [DECL]
        [VAR](d)(address=2)
        [NUM] val=1
      [WHILE]
        [CONDITION]
          [LT]
            [VAR](d)(address=2)
            [NUM] val=3
        [BODY]
          [PRINT]
            [VAR](d)(address=2)
          [INC]
            [VAR](d)(address=2)
      [INC]
        [VAR](c)(address=1)
  [DECL]
    [VAR](e)(address=3)
    [NUM] val=0
  [DECL]
    [VAR](f)(address=4)
    [NUM] val=0
  [WHILE]
    [CONDITION]
      [LT]
        [VAR](e)(address=3)
        [NUM] val=3
    [BODY]
      [IF]
        [CONDITION]
          [EQ]
            [VAR](e)(address=3)
            [NUM] val=2
        [THEN]
          [BREAK]
      [PRINT]
        [VAR](e)(address=3)
      [INC]
        [VAR](e)(address=3)
  [WHILE]
    [CONDITION]
      [LT]
        [VAR](f)(address=4)
        [NUM] val=3
    [BODY]
      [IF]
        [CONDITION]
          [EQ]
            [VAR](f)(address=4)
            [NUM] val=2
        [THEN]
          [INC]
            [VAR](f)(address=4)
          [CONTINUE]
      [PRINT]
        [VAR](f)(address=4)
      [INC]
        [VAR](f)(address=4)
絶景かな！ Compiled study.goe to study.gb
